// Jest Snapshot v1, https://goo.gl/fbAQLP

exports[`LocationCardSkeleton should match the snapshot 1`] = `
<DocumentFragment>
  <div
    class="MuiPaper-root MuiPaper-outlined MuiPaper-rounded MuiCard-root css-1v5z4dq-MuiPaper-root-MuiCard-root"
  >
    <div
      class="MuiCardContent-root css-46bh2p-MuiCardContent-root"
    >
      <span
        class="MuiSkeleton-root MuiSkeleton-rectangular MuiSkeleton-pulse css-58ftfq-MuiSkeleton-root"
        style="height: 1rem;"
      />
      <span
        class="MuiSkeleton-root MuiSkeleton-rectangular MuiSkeleton-pulse css-58ftfq-MuiSkeleton-root"
        style="height: 1rem;"
      />
      <span
        class="MuiSkeleton-root MuiSkeleton-rectangular MuiSkeleton-pulse css-1sqh8dc-MuiSkeleton-root"
        style="width: 66%; height: 1rem;"
      />
    </div>
  </div>
</DocumentFragment>
`;
